Created refresh worktree at /Users/tangwenhua/.coursetable-etl/worktree
bun install v1.3.6 (d530ed99)

+ @aws-sdk/client-s3@3.1085.0
+ @cloudflare/workers-types@4.20260424.1
+ @duckdb/node-api@1.5.5-r.3
+ @graphql-codegen/cli@5.0.7
+ @graphql-codegen/import-types-preset@3.0.1
+ @graphql-codegen/introspection@4.0.3
+ @graphql-codegen/near-operation-file-preset@3.1.0
+ @graphql-codegen/typescript@4.1.6
+ @graphql-codegen/typescript-graphql-request@6.4.0
+ @graphql-codegen/typescript-operations@4.6.1
+ @graphql-codegen/typescript-react-apollo@4.4.0
+ @opentelemetry/api@1.9.1
+ @opentelemetry/exporter-trace-otlp-http@0.221.0
+ @opentelemetry/resources@2.10.0
+ @opentelemetry/sdk-trace-node@2.10.0
+ @playwright/test@1.61.1
+ @types/image-size@0.8.0
+ commander@13.1.0
+ eslint@10.2.0
+ eslint-config-jc@7.1.0
+ eslint-plugin-css-modules@2.12.0
+ eslint-plugin-react-compiler@19.1.0-rc.2
+ husky@9.1.7
+ image-size@1.2.1
+ jsonc-parser@3.3.1
+ lint-staged@15.5.2
+ prettier@3.8.1
+ sharp@0.35.3
+ stylelint@16.26.1
+ stylelint-config-standard@36.0.1
+ tsconfig-jc@2.3.1
+ typescript@6.0.3
+ typescript-plugin-css-modules@5.2.0
+ vitest@4.1.4
+ wrangler@4.85.0
+ yaml@2.9.0
+ zod@3.25.76
+ @upstash/redis@1.38.0
+ drizzle-orm@0.45.2
+ postgres@3.4.8

1556 packages installed [4.80s]
Schedule of Classes window: S224, S324, FA24, WI25, SP25, S125, S225, S325, FA25, WI26, SP26, S126, S226, S326
Class Planner terms: FA26
fetched 48/2219
fetched 96/2219
fetched 144/2219
fetched 192/2219
fetched 240/2219
fetched 288/2219
fetched 336/2219
fetched 384/2219
fetched 432/2219
fetched 480/2219
fetched 528/2219
fetched 576/2219
fetched 624/2219
fetched 672/2219
fetched 720/2219
fetched 768/2219
fetched 816/2219
fetched 864/2219
fetched 912/2219
fetched 960/2219
fetched 1008/2219
fetched 1056/2219
fetched 1104/2219
fetched 1152/2219
fetched 1200/2219
fetched 1248/2219
fetched 1296/2219
fetched 1344/2219
fetched 1392/2219
fetched 1440/2219
fetched 1488/2219
fetched 1536/2219
fetched 1584/2219
fetched 1632/2219
fetched 1680/2219
fetched 1728/2219
fetched 1776/2219
fetched 1824/2219
fetched 1872/2219
fetched 1920/2219
fetched 1968/2219
fetched 2016/2219
fetched 2064/2219
fetched 2112/2219
fetched 2160/2219
fetched 2208/2219
fetched 2219/2219
FA26: converted 2120 courses into 6620 booking choices
FA26: published api/static/catalogs/public/FA26.json (manifest ok=437 failed=28)
{"result":"passed","surface":"manual Cloudflare staging deployment contract","target":"staging","worker":"sungrid-staging","publicOrigin":"https://staging.sungridplanner.com","catalogTerms":15,"catalogMetadataDigestAlgorithm":"sha256","workersDevEnabled":false,"previewUrlsEnabled":false,"providerResourcesCreated":false}
{"result":"passed","surface":"manual Cloudflare Production deployment contract","target":"production","worker":"sungrid-production-validation","publicOrigin":"https://production.sungrid.invalid","publicLoginEnabled":false,"catalogTerms":15,"catalogMetadataDigestAlgorithm":"sha256","workersDevEnabled":false,"previewUrlsEnabled":false,"providerResourcesCreated":false}
# ETL Refresh Report

Generated: 2026-08-07T03:18:54.573Z

Totals: 15 terms changed, +270/-282 courses, 18817 courses changed in place.

| Term | Status | Courses | +/- | Changed | Sections | Missing desc | Manifest ok/empty/failed/partial |
| --- | --- | --- | --- | --- | --- | --- | --- |
| FA24 | changed | 2372 -> 2362 | +30/-40 | 2331 | 8461 -> 8561 | 457 | 458/63/34/0 |
| FA25 | changed | 2427 -> 2393 | +5/-39 | 2388 | 8642 -> 8518 | 453 | 462/63/33/0 |
| FA26 | changed | 2109 -> 2120 | +11/-0 | 2109 | 6578 -> 6620 | 387 | 437/57/28/0 |
| S125 | changed | 507 -> 507 | +0/-0 | 507 | 785 -> 785 | 18 | 239/2/2/0 |
| S126 | changed | 424 -> 424 | +0/-0 | 424 | 621 -> 621 | 26 | 222/2/4/0 |
| S224 | changed | 405 -> 405 | +0/-0 | 405 | 685 -> 685 | 16 | 214/1/1/0 |
| S225 | changed | 507 -> 507 | +0/-0 | 507 | 830 -> 830 | 18 | 256/3/2/0 |
| S226 | changed | 394 -> 395 | +1/-0 | 394 | 592 -> 595 | 17 | 230/2/2/0 |
| S324 | changed | 128 -> 128 | +0/-0 | 128 | 301 -> 301 | 16 | 116/13/6/0 |
| S325 | changed | 144 -> 144 | +0/-0 | 144 | 308 -> 308 | 15 | 130/13/4/0 |
| S326 | changed | 122 -> 122 | +0/-0 | 122 | 301 -> 301 | 7 | 109/11/3/0 |
| SP25 | changed | 2382 -> 2342 | +27/-67 | 2314 | 8650 -> 8457 | 423 | 460/63/35/0 |
| SP26 | changed | 2396 -> 2400 | +35/-31 | 2364 | 8281 -> 8049 | 460 | 459/63/39/0 |
| WI25 | changed | 2385 -> 2405 | +96/-76 | 2308 | 8393 -> 8636 | 446 | 466/63/35/0 |
| WI26 | changed | 2401 -> 2437 | +65/-29 | 2372 | 8347 -> 8428 | 463 | 468/64/38/0 |

{
  "generated_at": "2026-08-07T03:18:54.573Z",
  "schedule_of_classes_terms": [
    "S224",
    "S324",
    "FA24",
    "WI25",
    "SP25",
    "S125",
    "S225",
    "S325",
    "FA25",
    "WI26",
    "SP26",
    "S126",
    "S226",
    "S326"
  ],
  "classplanner_terms": [
    "FA26"
  ],
  "supported_terms": [
    "FA26",
    "S224",
    "S324",
    "FA24",
    "WI25",
    "SP25",
    "S125",
    "S225",
    "S325",
    "FA25",
    "WI26",
    "SP26",
    "S126",
    "S226",
    "S326"
  ],
  "totals": {
    "terms_changed": 15,
    "courses_added": 270,
    "courses_removed": 282,
    "courses_changed": 18817
  },
  "report_json": "data/reports/etl/2026-08-07T03-18-54-573Z/refresh-report.json",
  "report_markdown": "data/reports/etl/2026-08-07T03-18-54-573Z/refresh-report.md"
}
bun install v1.3.6 (d530ed99)

Checked 1762 installs across 1752 packages (no changes) [1.67s]
Schedule of Classes window: S224, S324, FA24, WI25, SP25, S125, S225, S325, FA25, WI26, SP26, S126, S226, S326
Class Planner terms: FA26
fetched 48/2234
fetched 96/2234
fetched 144/2234
fetched 192/2234
fetched 240/2234
fetched 288/2234
fetched 336/2234
fetched 384/2234
fetched 432/2234
fetched 480/2234
fetched 528/2234
fetched 576/2234
fetched 624/2234
fetched 672/2234
fetched 720/2234
fetched 768/2234
fetched 816/2234
fetched 864/2234
fetched 912/2234
fetched 960/2234
fetched 1008/2234
fetched 1056/2234
fetched 1104/2234
fetched 1152/2234
fetched 1200/2234
fetched 1248/2234
fetched 1296/2234
fetched 1344/2234
fetched 1392/2234
fetched 1440/2234
fetched 1488/2234
fetched 1536/2234
fetched 1584/2234
fetched 1632/2234
fetched 1680/2234
fetched 1728/2234
fetched 1776/2234
fetched 1824/2234
fetched 1872/2234
fetched 1920/2234
fetched 1968/2234
fetched 2016/2234
fetched 2064/2234
fetched 2112/2234
fetched 2160/2234
fetched 2208/2234
fetched 2234/2234
FA26: converted 2135 courses into 6663 booking choices
FA26: published api/static/catalogs/public/FA26.json (manifest ok=437 failed=28)
{"result":"passed","surface":"manual Cloudflare staging deployment contract","target":"staging","worker":"sungrid-staging","publicOrigin":"https://staging.sungridplanner.com","catalogTerms":15,"catalogMetadataDigestAlgorithm":"sha256","workersDevEnabled":false,"previewUrlsEnabled":false,"providerResourcesCreated":false}
{"result":"passed","surface":"manual Cloudflare Production deployment contract","target":"production","worker":"sungrid-production-validation","publicOrigin":"https://production.sungrid.invalid","publicLoginEnabled":false,"catalogTerms":15,"catalogMetadataDigestAlgorithm":"sha256","workersDevEnabled":false,"previewUrlsEnabled":false,"providerResourcesCreated":false}
# ETL Refresh Report

Generated: 2026-08-10T11:00:04.062Z

Totals: 15 terms changed, +196/-300 courses, 18787 courses changed in place.

| Term | Status | Courses | +/- | Changed | Sections | Missing desc | Manifest ok/empty/failed/partial |
| --- | --- | --- | --- | --- | --- | --- | --- |
| FA24 | changed | 2362 -> 2369 | +7/-0 | 2361 | 8561 -> 8851 | 457 | 458/63/34/0 |
| FA25 | changed | 2393 -> 2388 | +0/-5 | 2388 | 8518 -> 8378 | 453 | 462/63/33/0 |
| FA26 | changed | 2120 -> 2135 | +15/-0 | 2120 | 6620 -> 6663 | 387 | 437/57/28/0 |
| S125 | changed | 507 -> 507 | +0/-0 | 507 | 785 -> 785 | 18 | 239/2/2/0 |
| S126 | changed | 424 -> 424 | +0/-0 | 424 | 621 -> 621 | 26 | 222/2/4/0 |
| S224 | changed | 405 -> 405 | +0/-0 | 405 | 685 -> 685 | 16 | 214/1/1/0 |
| S225 | changed | 507 -> 507 | +0/-0 | 507 | 830 -> 830 | 18 | 256/3/2/0 |
| S226 | changed | 395 -> 396 | +1/-0 | 395 | 595 -> 597 | 17 | 230/2/2/0 |
| S324 | changed | 128 -> 128 | +0/-0 | 128 | 301 -> 301 | 16 | 116/13/6/0 |
| S325 | changed | 144 -> 144 | +0/-0 | 144 | 308 -> 308 | 15 | 130/13/4/0 |
| S326 | changed | 122 -> 122 | +0/-0 | 122 | 301 -> 302 | 7 | 109/11/3/0 |
| SP25 | changed | 2342 -> 2305 | +42/-79 | 2262 | 8457 -> 8465 | 415 | 460/63/35/0 |
| SP26 | changed | 2400 -> 2376 | +31/-55 | 2344 | 8049 -> 8046 | 463 | 459/63/39/0 |
| WI25 | changed | 2405 -> 2380 | +71/-96 | 2308 | 8636 -> 8382 | 451 | 466/63/35/0 |
| WI26 | changed | 2437 -> 2401 | +29/-65 | 2372 | 8428 -> 8347 | 463 | 468/64/38/0 |

{
  "generated_at": "2026-08-10T11:00:04.062Z",
  "schedule_of_classes_terms": [
    "S224",
    "S324",
    "FA24",
    "WI25",
    "SP25",
    "S125",
    "S225",
    "S325",
    "FA25",
    "WI26",
    "SP26",
    "S126",
    "S226",
    "S326"
  ],
  "classplanner_terms": [
    "FA26"
  ],
  "supported_terms": [
    "FA26",
    "S224",
    "S324",
    "FA24",
    "WI25",
    "SP25",
    "S125",
    "S225",
    "S325",
    "FA25",
    "WI26",
    "SP26",
    "S126",
    "S226",
    "S326"
  ],
  "totals": {
    "terms_changed": 15,
    "courses_added": 196,
    "courses_removed": 300,
    "courses_changed": 18787
  },
  "report_json": "data/reports/etl/2026-08-10T11-00-04-062Z/refresh-report.json",
  "report_markdown": "data/reports/etl/2026-08-10T11-00-04-062Z/refresh-report.md"
}
bun install v1.3.6 (d530ed99)

Checked 1762 installs across 1752 packages (no changes) [800.00ms]
Schedule of Classes window: S224, S324, FA24, WI25, SP25, S125, S225, S325, FA25, WI26, SP26, S126, S226, S326
Class Planner terms: FA26
fetched 48/2241
fetched 96/2241
fetched 144/2241
fetched 192/2241
fetched 240/2241
fetched 288/2241
fetched 336/2241
fetched 384/2241
fetched 432/2241
fetched 480/2241
fetched 528/2241
fetched 576/2241
fetched 624/2241
fetched 672/2241
fetched 720/2241
fetched 768/2241
fetched 816/2241
fetched 864/2241
fetched 912/2241
fetched 960/2241
fetched 1008/2241
fetched 1056/2241
fetched 1104/2241
fetched 1152/2241
fetched 1200/2241
fetched 1248/2241
fetched 1296/2241
fetched 1344/2241
fetched 1392/2241
fetched 1440/2241
fetched 1488/2241
fetched 1536/2241
fetched 1584/2241
fetched 1632/2241
fetched 1680/2241
fetched 1728/2241
fetched 1776/2241
fetched 1824/2241
fetched 1872/2241
fetched 1920/2241
fetched 1968/2241
fetched 2016/2241
fetched 2064/2241
fetched 2112/2241
fetched 2160/2241
fetched 2208/2241
fetched 2241/2241
FA26: converted 2142 courses into 6695 booking choices
FA26: published api/static/catalogs/public/FA26.json (manifest ok=437 failed=28)
{"result":"passed","surface":"manual Cloudflare staging deployment contract","target":"staging","worker":"sungrid-staging","publicOrigin":"https://staging.sungridplanner.com","catalogTerms":15,"catalogMetadataDigestAlgorithm":"sha256","workersDevEnabled":false,"previewUrlsEnabled":false,"providerResourcesCreated":false}
{"result":"passed","surface":"manual Cloudflare Production deployment contract","target":"production","worker":"sungrid-production-validation","publicOrigin":"https://production.sungrid.invalid","publicLoginEnabled":false,"catalogTerms":15,"catalogMetadataDigestAlgorithm":"sha256","workersDevEnabled":false,"previewUrlsEnabled":false,"providerResourcesCreated":false}
# ETL Refresh Report

Generated: 2026-08-13T11:00:06.839Z

Totals: 15 terms changed, +157/-103 courses, 18883 courses changed in place.

| Term | Status | Courses | +/- | Changed | Sections | Missing desc | Manifest ok/empty/failed/partial |
| --- | --- | --- | --- | --- | --- | --- | --- |
| FA24 | changed | 2369 -> 2352 | +33/-50 | 2319 | 8851 -> 8296 | 452 | 336/0/219/0 |
| FA25 | changed | 2388 -> 2384 | +45/-49 | 2339 | 8378 -> 8650 | 453 | 339/0/219/0 |
| FA26 | changed | 2135 -> 2142 | +8/-1 | 2134 | 6663 -> 6695 | 387 | 437/57/28/0 |
| S125 | changed | 507 -> 507 | +0/-0 | 507 | 785 -> 785 | 18 | 160/0/83/0 |
| S126 | changed | 424 -> 424 | +0/-0 | 424 | 621 -> 621 | 26 | 148/0/80/0 |
| S224 | changed | 405 -> 411 | +6/-0 | 405 | 685 -> 694 | 16 | 143/0/73/0 |
| S225 | changed | 507 -> 507 | +0/-0 | 507 | 830 -> 830 | 18 | 172/0/89/0 |
| S226 | changed | 396 -> 397 | +1/-0 | 396 | 597 -> 599 | 17 | 154/0/80/0 |
| S324 | changed | 128 -> 128 | +0/-0 | 128 | 301 -> 301 | 16 | 84/0/51/0 |
| S325 | changed | 144 -> 144 | +0/-0 | 144 | 308 -> 308 | 15 | 94/0/53/0 |
| S326 | changed | 122 -> 123 | +1/-0 | 122 | 302 -> 303 | 7 | 79/0/44/0 |
| SP25 | changed | 2305 -> 2317 | +12/-0 | 2305 | 8465 -> 8488 | 419 | 337/0/221/0 |
| SP26 | changed | 2376 -> 2393 | +20/-3 | 2373 | 8046 -> 8050 | 467 | 335/0/226/0 |
| WI25 | changed | 2380 -> 2385 | +5/-0 | 2379 | 8382 -> 8419 | 451 | 341/0/223/0 |
| WI26 | changed | 2401 -> 2427 | +26/-0 | 2401 | 8347 -> 8457 | 463 | 342/0/228/0 |

{
  "generated_at": "2026-08-13T11:00:06.839Z",
  "schedule_of_classes_terms": [
    "S224",
    "S324",
    "FA24",
    "WI25",
    "SP25",
    "S125",
    "S225",
    "S325",
    "FA25",
    "WI26",
    "SP26",
    "S126",
    "S226",
    "S326"
  ],
  "classplanner_terms": [
    "FA26"
  ],
  "supported_terms": [
    "FA26",
    "S224",
    "S324",
    "FA24",
    "WI25",
    "SP25",
    "S125",
    "S225",
    "S325",
    "FA25",
    "WI26",
    "SP26",
    "S126",
    "S226",
    "S326"
  ],
  "totals": {
    "terms_changed": 15,
    "courses_added": 157,
    "courses_removed": 103,
    "courses_changed": 18883
  },
  "report_json": "data/reports/etl/2026-08-13T11-00-06-839Z/refresh-report.json",
  "report_markdown": "data/reports/etl/2026-08-13T11-00-06-839Z/refresh-report.md"
}
