Resolving dependencies
Resolved, downloaded and extracted [1]

$ husky || true
$ bun tools/staging-deployment/validateStagingDeployment.mts
$ bun tools/staging-deployment/validateProductionDeployment.mts
pull request create failed: HTTP 502: 502 Bad Gateway (https://api.github.com/graphql)
gh pr create --base main --head data-refresh/2026-08-07-2318 --title chore(data): scheduled ETL refresh 2026-08-07 --body-file data/reports/etl/2026-08-07T03-18-54-573Z/refresh-report.md exited with code 1
Resolving dependencies
Resolved, downloaded and extracted [1]

$ husky || true
$ bun tools/staging-deployment/validateStagingDeployment.mts
$ bun tools/staging-deployment/validateProductionDeployment.mts
pull request create failed: HTTP 502: 502 Bad Gateway (https://api.github.com/graphql)
gh pr create --base main --head data-refresh/2026-08-10-0700 --title chore(data): scheduled ETL refresh 2026-08-10 --body-file data/reports/etl/2026-08-10T11-00-04-062Z/refresh-report.md exited with code 1
Resolving dependencies
Resolved, downloaded and extracted [1]

$ husky || true
$ bun tools/staging-deployment/validateStagingDeployment.mts
$ bun tools/staging-deployment/validateProductionDeployment.mts
pull request create failed: HTTP 502: 502 Bad Gateway (https://api.github.com/graphql)
gh pr create --base main --head data-refresh/2026-08-13-0700 --title chore(data): scheduled ETL refresh 2026-08-13 --body-file data/reports/etl/2026-08-13T11-00-06-839Z/refresh-report.md exited with code 1
